val=10
val=12
val=19
val=-10
val=-2
val=3
val=8
val=26
val=25
val=-1
